subsidiarySK,subsidiaryNumber,subsidiaryName
-1318448993368083429,120,Subsidiary 3
-1488953326447475322,570,Subsidiary 2
-5381099075221240468,999,Subsidiary 1
